.next/dev/types/validator.ts(166,31): error TS2344: Type 'typeof import("C:/Users/iqbol/OneDrive/Desktop/Salon/fargona-chevrolet/src/app/[lang]/layout")' does not satisfy the constraint 'LayoutConfig<"/[lang]">'.
  Types of property 'default' are incompatible.
    Type '({ children, params, }: Readonly<{ children: ReactNode; params: Promise<{ lang: "uz" | "en" | "ru"; }>; }>) => Promise<Element>' is not assignable to type 'ComponentType<LayoutProps<"/[lang]">> | ((props: LayoutProps<"/[lang]">) => void | ReactNode | Promise<ReactNode> | Promise<...>)'.
      Type '({ children, params, }: Readonly<{ children: ReactNode; params: Promise<{ lang: "uz" | "en" | "ru"; }>; }>) => Promise<Element>' is not assignable to type 'FunctionComponent<LayoutProps<"/[lang]">>'.
        Types of parameters '__0' and 'props' are incompatible.
          Type 'LayoutProps<"/[lang]">' is not assignable to type 'Readonly<{ children: ReactNode; params: Promise<{ lang: "uz" | "en" | "ru"; }>; }>'.
            Types of property 'params' are incompatible.
              Type 'Promise<{ lang: string; }>' is not assignable to type 'Promise<{ lang: "uz" | "en" | "ru"; }>'.
                Type '{ lang: string; }' is not assignable to type '{ lang: "uz" | "en" | "ru"; }'.
                  Types of property 'lang' are incompatible.
                    Type 'string' is not assignable to type '"uz" | "en" | "ru"'.
.next/types/validator.ts(166,31): error TS2344: Type 'typeof import("C:/Users/iqbol/OneDrive/Desktop/Salon/fargona-chevrolet/src/app/[lang]/layout")' does not satisfy the constraint 'LayoutConfig<"/[lang]">'.
  Types of property 'default' are incompatible.
    Type '({ children, params, }: Readonly<{ children: ReactNode; params: Promise<{ lang: "uz" | "en" | "ru"; }>; }>) => Promise<Element>' is not assignable to type 'ComponentType<LayoutProps<"/[lang]">> | ((props: LayoutProps<"/[lang]">) => void | ReactNode | Promise<ReactNode> | Promise<...>)'.
      Type '({ children, params, }: Readonly<{ children: ReactNode; params: Promise<{ lang: "uz" | "en" | "ru"; }>; }>) => Promise<Element>' is not assignable to type 'FunctionComponent<LayoutProps<"/[lang]">>'.
        Types of parameters '__0' and 'props' are incompatible.
          Type 'LayoutProps<"/[lang]">' is not assignable to type 'Readonly<{ children: ReactNode; params: Promise<{ lang: "uz" | "en" | "ru"; }>; }>'.
            Types of property 'params' are incompatible.
              Type 'Promise<{ lang: string; }>' is not assignable to type 'Promise<{ lang: "uz" | "en" | "ru"; }>'.
                Type '{ lang: string; }' is not assignable to type '{ lang: "uz" | "en" | "ru"; }'.
                  Types of property 'lang' are incompatible.
                    Type 'string' is not assignable to type '"uz" | "en" | "ru"'.
